// 重构日志: 560226fc
// 重构日志: ce20defc
// 重构日志: e6e458d8
// 同步 ID: 025f852a @ Mon Jul 20 11:35:49 UTC 2026
// 同步 ID: 31ebaa74 @ Wed Jul 22 14:00:13 UTC 2026
// 同步 ID: 65fce6d9 @ Thu Jul 23 16:01:29 UTC 2026
// 重构日志: d24784eb
// 重构日志: 507f989e
// 重构日志: 196148fa
// 重构日志: b804a812
// 同步 ID: 2188ba5c @ Thu Jul 30 20:39:05 UTC 2026
// 重构日志: 9623a3b1
// 重构日志: a9161ac8
// 重构日志: c0d7fb05
// 同步 ID: 25149aa5 @ Sat Aug  1 09:48:00 UTC 2026
// 重构日志: 6c2ff7d5
// 重构日志: ec7e7b62
// 重构日志: 486bb687
// 重构日志: 4f1ee8fc
// 重构日志: 34c326c3
// 同步 ID: 5ca44ab5 @ Wed Aug  5 17:34:20 UTC 2026
// 同步 ID: 0c83bb1e @ Thu Aug  6 07:13:20 UTC 2026
// 重构日志: 2e5a4cd6
// 重构日志: ba0b14ba
// 同步 ID: ab649bd5 @ Fri Aug  7 12:01:01 UTC 2026
// 重构日志: 9ba54fd7
// 同步 ID: fc8dcf64 @ Fri Aug  7 17:29:35 UTC 2026
// 同步 ID: 6d910cf7 @ Fri Aug  7 21:52:05 UTC 2026
// 重构日志: b9ae46ee
// 同步 ID: fd4f70e8 @ Sat Aug  8 07:53:40 UTC 2026
